[umrahcompanions.com/index.html]
[backblue.gif]
[fade.gif]
[index.html]
[connect.facebook.net/en_US/fbevents.js]
[umrahcompanions.com/images/seo_images/30038.umrah-packages-2022---umrah-tickets-_-umrah-companions.jpeg]
[umrahcompanions.com/images/seo_images/85772.customized-umrah-package-builder-_-umrah-companions.jpeg]
[umrahcompanions.com/assets/images/favicon.ico]
[cdnjs.cloudflare.com/ajax/libs/font-awesome/5.15.3/css/all.min.css]
[umrahcompanions.com/approot/storage/app/public/images/frontend/flags.png]
[cdn.jsdelivr.net/npm/daterangepicker/daterangepicker.css]
[cdn.jsdelivr.net/npm/slick-carousel@1.8.1/slick/slick.css]
[cdnjs.cloudflare.com/ajax/libs/select2/4.0.13/css/select2.min.css]
[cdnjs.cloudflare.com/ajax/libs/fancybox/3.5.7/jquery.fancybox.min.css]
[umrahcompanions.com/packages.html]
[umrahcompanions.com/packages4cc0.html]
[umrahcompanions.com/packagesbc9d.html]
[umrahcompanions.com/packages4b15.html]
[umrahcompanions.com/visaprices.html]
[umrahcompanions.com/experiences.html]
[umrahcompanions.com/reservehotel_table1f95.html]
[umrahcompanions.com/inquiry.html]
[umrahcompanions.com/contact-us.html]
[umrahcompanions.com/faqs.html]
[umrahcompanions.com/affiliate.html]
[umrahcompanions.com/blog.html]
[umrahcompanions.com/who_we_are.html]
[umrahcompanions.com/approot/storage/app/public/images/frontend/banner.webp]
[umrahcompanions.com/reservetransport.html]
[umrahcompanions.com/approot/storage/app/public/images/frontend/pair.webp]
[umrahcompanions.com/approot/storage/app/public/images/frontend/box.webp]
[umrahcompanions.com/approot/storage/app/public/images/frontend/credit-card.webp]
[umrahcompanions.com/approot/storage/app/public/images/frontend/visa-1.webp]
[umrahcompanions.com/approot/storage/app/public/images/frontend/visaicon.png]
[umrahcompanions.com/approot/storage/app/public/images/frontend/macca.webp]
[umrahcompanions.com/approot/storage/app/public/images/frontend/madinah.webp]
[umrahcompanions.com/packagepdf/document-2.pdf]
[umrahcompanions.com/packagepdf/document.pdf]
[umrahcompanions.com/packagepdf/document-3.pdf]
[umrahcompanions.com/approot/storage/app/public/images/frontend/friend.webp]
[umrahcompanions.com/approot/storage/app/public/images/frontend/flight.webp]
[umrahcompanions.com/packagepdf/document-4.pdf]
[umrahcompanions.com/approot/storage/app/public/images/frontend/awesome-car.webp]
[umrahcompanions.com/approot/storage/app/public/images/frontend/awesome-bed.webp]
[umrahcompanions.com/approot/storage/app/public/images/frontend/award.webp]
[umrahcompanions.com/approot/storage/app/public/images/frontend/visa2.webp]
[umrahcompanions.com/approot/storage/app/public/images/frontend/awesome-flag.webp]
[umrahcompanions.com/approot/storage/app/public/images/frontend/contact.webp]
[umrahcompanions.com/approot/storage/app/public/images/frontend/help.webp]
[umrahcompanions.com/approot/storage/app/public/images/frontend/offer-1.jpg]
[umrahcompanions.com/approot/storage/app/public/images/frontend/l-flower.png]
[umrahcompanions.com/approot/storage/app/public/images/frontend/happy.webp]
[umrahcompanions.com/approot/storage/app/public/images/frontend/transperency.webp]
[umrahcompanions.com/approot/storage/app/public/images/frontend/respon.webp]
[umrahcompanions.com/approot/storage/app/public/images/frontend/honesty.webp]
[umrahcompanions.com/approot/storage/app/public/images/frontend/imgG1.webp]
[umrahcompanions.com/approot/storage/app/public/images/frontend/icon1.webp]
[umrahcompanions.com/approot/storage/app/public/images/frontend/imgG14.webp]
[umrahcompanions.com/approot/storage/app/public/images/frontend/imgG2.webp]
[umrahcompanions.com/approot/storage/app/public/images/frontend/imgG15.webp]
[umrahcompanions.com/approot/storage/app/public/images/frontend/imgG3.webp]
[umrahcompanions.com/approot/storage/app/public/images/frontend/icon2.webp]
[umrahcompanions.com/approot/storage/app/public/images/frontend/imgG16.webp]
[umrahcompanions.com/approot/storage/app/public/images/frontend/imgG4.webp]
[umrahcompanions.com/approot/storage/app/public/images/frontend/imgG10.webp]
[umrahcompanions.com/approot/storage/app/public/images/frontend/imgG17.webp]
[umrahcompanions.com/approot/storage/app/public/images/frontend/icon4.webp]
[umrahcompanions.com/approot/storage/app/public/images/frontend/imgG11.webp]
[umrahcompanions.com/approot/storage/app/public/images/frontend/imgG18.webp]
[umrahcompanions.com/approot/storage/app/public/images/frontend/imgG6.webp]
[umrahcompanions.com/approot/storage/app/public/images/frontend/imgG12.webp]
[umrahcompanions.com/approot/storage/app/public/images/frontend/imgG7.webp]
[umrahcompanions.com/approot/storage/app/public/images/frontend/imgG13.webp]
[umrahcompanions.com/approot/storage/app/public/images/frontend/icon3.webp]
[umrahcompanions.com/approot/storage/app/public/images/frontend/stars.png]
[umrahcompanions.com/umrah_packages_canada.html]
[umrahcompanions.com/umrah_packages_pakistan.html]
[umrahcompanions.com/umrah_packages_uk.html]
[umrahcompanions.com/umrah_packages_uae.html]
[umrahcompanions.com/approot/storage/app/public/images/frontend/visa.webp]
[umrahcompanions.com/approot/storage/app/public/images/frontend/master.webp]
[umrahcompanions.com/approot/storage/app/public/images/frontend/american.webp]
[umrahcompanions.com/approot/storage/app/public/images/frontend/paypal.webp]
[umrahcompanions.com/approot/storage/app/public/images/frontend/stripe.webp]
[umrahcompanions.com/approot/storage/app/public/images/frontend/hyper.webp]
[umrahcompanions.com/approot/storage/app/public/images/frontend/sadad.webp]
[umrahcompanions.com/terms_and_conditions.html]
[cdnjs.cloudflare.com/ajax/libs/jquery/3.6.0/jquery.min.js]
[umrahcompanions.com/assets/frontend/js/countdown.js]
[umrahcompanions.com/assets/frontend/js/materialize.min.js]
[umrahcompanions.com/assets/frontend/js/select.js]
[umrahcompanions.com/assets/frontend/js/javascript.js]
[cdn.jsdelivr.net/npm/jquery-validation@1.19.3/dist/jquery.validate.js]
[cdnjs.cloudflare.com/ajax/libs/jquery-validate/1.19.3/additional-methods.min.js]
[umrahcompanions.com/assets/backoffice/vendors/jquery-toast-plugin/dist/jquery.toast.min.js]
[umrahcompanions.com/assets/frontend/js/intlTelInput.js]
[umrahcompanions.com/assets/frontend/js/locomotive-scroll.min.js]
[cdn.jsdelivr.net/momentjs/latest/moment.min.js]
[cdn.jsdelivr.net/npm/daterangepicker/daterangepicker.min.js]
[cdn.jsdelivr.net/npm/slick-carousel@1.8.1/slick/slick.min.js]
[cdnjs.cloudflare.com/ajax/libs/select2/4.0.13/js/select2.min.js]
[cdnjs.cloudflare.com/ajax/libs/jqueryui-touch-punch/0.2.3/jquery.ui.touch-punch.min.js]
[cdnjs.cloudflare.com/ajax/libs/fancybox/3.5.7/jquery.fancybox.min.js]
[cdnjs.cloudflare.com/ajax/libs/OwlCarousel2/2.3.4/assets/owl.carousel.min.css]
[cdnjs.cloudflare.com/ajax/libs/OwlCarousel2/2.3.4/owl.carousel.min.js]
[umrahcompanions.com/login.html]
[umrahcompanions.com/forget-password.7b.delayed]
[umrahcompanions.com/front/register]
[www.google.com/recaptcha/apid41d.js]
[interfaces.zapier.com/assets/web-components/zapier-interfaces/zapier-interfaces.esm.js]
[umrahcompanions.com/index.html]
[sibautomation.com/sa08e2.js]
[umrahcompanions.com/a.7f.delayed]
[umrahcompanions.com/POST]
[umrahcompanions.com/b.resolvedLink]
[umrahcompanions.com/d]
[umrahcompanions.com/signals/iwl.js]
[umrahcompanions.com/c.dl]
[umrahcompanions.com/c.rl]
[connect.facebook.net/en_US/fbevents.js]
[umrahcompanions.com/images/seo_images/30038.umrah-packages-2022---umrah-tickets-_-umrah-companions.html]
[umrahcompanions.com/images/seo_images/85772.customized-umrah-package-builder-_-umrah-companions.html]
[umrahcompanions.com/assets/frontend/css/materialize.min.css]
[umrahcompanions.com/assets/frontend/css/locomotive-scroll.css]
[umrahcompanions.com/assets/backoffice/vendors/jquery-toast-plugin/dist/jquery.toast.min.css]
[umrahcompanions.com/assets/frontend/img/flags.png]
[umrahcompanions.com/assets/frontend/img/flags@2x.png]
[umrahcompanions.com/assets/frontend/css/intlTelInput.css]
[cdnjs.cloudflare.com/ajax/libs/font-awesome/5.15.3/css/all.min.css]
[umrahcompanions.com/assets/frontend/img/third-line.png]
[umrahcompanions.com/assets/frontend/img/arrow.png]
[umrahcompanions.com/assets/frontend/img/banner-bg.webp]
[umrahcompanions.com/assets/frontend/img/blog-banner.png]
[umrahcompanions.com/assets/frontend/css/common.css]
[umrahcompanions.com/assets/frontend/css/footer.css]
[cdn.jsdelivr.net/npm/daterangepicker/daterangepicker.css]
[cdn.jsdelivr.net/npm/slick-carousel@1.8.1/slick/slick.css]
[cdnjs.cloudflare.com/ajax/libs/select2/4.0.13/css/select2.min.css]
[umrahcompanions.com/assets/frontend/css/ui.css]
[cdnjs.cloudflare.com/ajax/libs/fancybox/3.5.7/jquery.fancybox.min.css]
[umrahcompanions.com/assets/frontend/img/return.png]
[umrahcompanions.com/assets/frontend/img/curve.svg]
[umrahcompanions.com/assets/frontend/img/flower1.png]
[umrahcompanions.com/assets/frontend/img/l-flower.png]
[umrahcompanions.com/assets/frontend/img/abt-bg.webp]
[umrahcompanions.com/assets/frontend/img/bg-path.webp]
[umrahcompanions.com/assets/frontend/img/new-bg.webp]
[umrahcompanions.com/assets/frontend/css/home.css]
[umrahcompanions.com/approot/storage/app/public/images/frontend/new_UC_Logo.svg]
[umrahcompanions.com/images/seo_images/78699.customized-umrah-package-builder-_-umrah-companions.jpeg]
[cdnjs.cloudflare.com/ajax/libs/animate.css/4.1.1/animate.min.css]
[umrahcompanions.com/approot/storage/app/public/images/frontend/packages-banner.png]
[umrahcompanions.com/approot/storage/app/public/images/frontend/pkg-filter.png]
[umrahcompanions.com/approot/storage/app/public/images/defaultItinerary/UPN2507-026d027.png]
[umrahcompanions.com/approot/storage/app/public/images/defaultItinerary/UPN2507-026-rectd027.png]
[umrahcompanions.com/approot/storage/app/public/images/defaultItinerary/UPN2507-010d027.png]
[umrahcompanions.com/approot/storage/app/public/images/defaultItinerary/UPN2507-010-rectd027.png]
[umrahcompanions.com/approot/storage/app/public/images/defaultItinerary/UPN2507-025d027.png]
[umrahcompanions.com/approot/storage/app/public/images/defaultItinerary/UPN2507-025-rectd027.png]
[umrahcompanions.com/approot/storage/app/public/images/defaultItinerary/UPN2507-011d027.png]
[umrahcompanions.com/approot/storage/app/public/images/defaultItinerary/UPN2507-011-rectd027.png]
[umrahcompanions.com/approot/storage/app/public/images/defaultItinerary/UPN2507-019d027.png]
[umrahcompanions.com/approot/storage/app/public/images/defaultItinerary/UPN2507-019-rectd027.png]
[umrahcompanions.com/approot/storage/app/public/images/defaultItinerary/UPN2507-018d027.png]
[umrahcompanions.com/approot/storage/app/public/images/defaultItinerary/UPN2507-018-rectd027.png]
[umrahcompanions.com/packagesab2c.html]
[umrahcompanions.com/assets/frontend/js/land-package.js]
[umrahcompanions.com/packages.html]
[umrahcompanions.com/approot/storage/app/public/images/defaultItinerary/UPN2507-025c338.png]
[umrahcompanions.com/approot/storage/app/public/images/defaultItinerary/UPN2507-025-rectc338.png]
[umrahcompanions.com/packages4cc0.html]
[umrahcompanions.com/approot/storage/app/public/images/defaultItinerary/UPN2507-026a360.png]
[umrahcompanions.com/approot/storage/app/public/images/defaultItinerary/UPN2507-026-recta360.png]
[umrahcompanions.com/approot/storage/app/public/images/defaultItinerary/UPN2507-010a360.png]
[umrahcompanions.com/approot/storage/app/public/images/defaultItinerary/UPN2507-010-recta360.png]
[umrahcompanions.com/approot/storage/app/public/images/defaultItinerary/UPN2507-011a360.png]
[umrahcompanions.com/approot/storage/app/public/images/defaultItinerary/UPN2507-011-recta360.png]
[umrahcompanions.com/approot/storage/app/public/images/defaultItinerary/UPN2507-019a360.png]
[umrahcompanions.com/approot/storage/app/public/images/defaultItinerary/UPN2507-019-recta360.png]
[umrahcompanions.com/approot/storage/app/public/images/defaultItinerary/UPN2507-018a360.png]
[umrahcompanions.com/approot/storage/app/public/images/defaultItinerary/UPN2507-018-recta360.png]
[umrahcompanions.com/packagesbc9d.html]
[umrahcompanions.com/packages4b15.html]
[staging.umrahcompanions.com/approot/storage/app/public/images/frontend/faqs-banner.b3.delayed]
[umrahcompanions.com/assets/frontend/img/front.png]
[umrahcompanions.com/assets/frontend/img/back.png]
[umrahcompanions.com/checkout-visac399.html]
[umrahcompanions.com/checkout-visa9b54.html]
[umrahcompanions.com/checkout-visa2f49.html]
[umrahcompanions.com/checkout-visaf45e.html]
[umrahcompanions.com/checkout-visab0b3.html]
[umrahcompanions.com/visaprices.html]
[umrahcompanions.com/checkout-visa4126.html]
[transfers.funadiq.com/storage/uploads/WhatsApp Image 2025-02-21 at 14.03.35 (1).jpg]
[umrahcompanions.com/experience_detail/visit-taif-like-never-before.html]
[transfers.funadiq.com/storage/uploads/20250210_182755.jpg]
[umrahcompanions.com/experience_detail/explore-abha-like-never-before.html]
[transfers.funadiq.com/storage/uploads/WhatsApp Image 2025-02-21 at 14.03.33.jpg]
[umrahcompanions.com/experience_detail/explore-taif-like-never-before.html]
[umrahcompanions.com/experience-tour-listing.html]
[umrahcompanions.com/assets/frontend/img/experiences-tour/discover-saudi-image.png]
[umrahcompanions.com/experiences.html]
[cdn.jsdelivr.net/npm/sweetalert2@11.7.16/dist/sweetalert2.min.css]
[cdn.datatables.net/1.11.5/css/jquery.dataTables.min.css]
[cdn.datatables.net/responsive/2.2.9/css/responsive.dataTables.min.css]
[umrahcompanions.com/hotel_detail/52a4c2.html]
[umrahcompanions.com/hotel_detail/63d171.html]
[umrahcompanions.com/hotel_detail/379e76.html]
[umrahcompanions.com/hotel_detail/64adfa.html]
[umrahcompanions.com/hotel_detail/1050f193.html]
[umrahcompanions.com/hotel_detail/993759d.html]
[umrahcompanions.com/hotel_detail/574684c.html]
[umrahcompanions.com/hotel_detail/964468f.html]
[cdn.datatables.net/1.11.5/js/jquery.dataTables.min.js]
[umrahcompanions.com/reservehotel_table1f95.html]
[cdn.datatables.net/responsive/2.2.9/js/dataTables.responsive.min.js]
[umrahcompanions.com/inquiry.html]
[cdnjs.cloudflare.com/ajax/libs/moment.js/2.29.4/moment.min.js]
[umrahcompanions.com/approot/storage/app/public/images/frontend/contact-bg.png]
[umrahcompanions.com/approot/storage/app/public/images/frontend/call-agent.webp]
[umrahcompanions.com/approot/storage/app/public/images/frontend/icon-chat.png]
[umrahcompanions.com/approot/storage/app/public/images/frontend/icon-mail.png]
[umrahcompanions.com/contact-us.html]
[umrahcompanions.com/approot/storage/app/public/images/frontend/faqs-banner.png]
[umrahcompanions.com/faqs.html]
[umrahcompanions.com/faqs4658.html]
[umrahcompanions.com/approot/storage/app/public/images/frontend/pc.png]
[umrahcompanions.com/approot/storage/app/public/images/frontend/one.jpg]
[umrahcompanions.com/approot/storage/app/public/images/frontend/two.jpg]
[umrahcompanions.com/approot/storage/app/public/images/frontend/three.jpg]
[umrahcompanions.com/approot/storage/app/public/images/frontend/discount_icon.png]
[umrahcompanions.com/approot/storage/app/public/images/frontend/travel_port.png]
[umrahcompanions.com/approot/storage/app/public/images/frontend/build_relation.png]
[umrahcompanions.com/approot/storage/app/public/images/frontend/build_brand.png]
[umrahcompanions.com/approot/storage/app/public/images/frontend/communication_with_team.png]
[umrahcompanions.com/approot/storage/app/public/images/frontend/mbl.png]
[umrahcompanions.com/approot/storage/app/public/images/frontend/logo-pia.png]
[umrahcompanions.com/approot/storage/app/public/images/frontend/apply_now.png]
[umrahcompanions.com/approot/storage/app/public/images/frontend/share.png]
[umrahcompanions.com/approot/storage/app/public/images/frontend/earn.png]
[umrahcompanions.com/affiliate.html]
[umrahcompanions.com/blog/august-umrah-land-package-for-4-pilgrims-–-7-nights-of-spiritual-tranquility-and-comfort.html]
[umrahcompanions.com/approot/storage/app/public/images/blogs/26952..png]
[umrahcompanions.com/blog/comprehensive-7-night-pilgrimage-package-for-4-persons.html]
[umrahcompanions.com/approot/storage/app/public/images/blogs/89404..png]
[umrahcompanions.com/blog/7-night-spiritual-journey-package_-jeddah,-makkah-&-madinah-for-2-pilgrims.html]
[umrahcompanions.com/approot/storage/app/public/images/blogs/29608..jpg]
[umrahcompanions.com/blog/july-umrah-package_-07-nights-for-04-pilgrims-–-land-package.html]
[umrahcompanions.com/approot/storage/app/public/images/blogs/22373..png]
[umrahcompanions.com/blog/discover-the-20-night-july-land-package.html]
[umrahcompanions.com/approot/storage/app/public/images/blogs/27835..png]
[umrahcompanions.com/blog/top-five-nusuk-registered-hotels-in-madinah.html]
[umrahcompanions.com/approot/storage/app/public/images/blogs/89160..png]
[umrahcompanions.com/blog/how-ibraheem,-your-ai-powered-assistant,-transforms-umrah-travel-planning.html]
[umrahcompanions.com/approot/storage/app/public/images/blogs/15398..png]
[umrahcompanions.com/blog/registered-hotels-on-nusuk-masar-in-madinah.html]
[umrahcompanions.com/approot/storage/app/public/images/blogs/45639..jpg]
[umrahcompanions.com/blog/the-best-registered-hotels-on-nusuk-masar-in-makkah.html]
[umrahcompanions.com/approot/storage/app/public/images/blogs/97394..jpg]
[umrahcompanions.com/blog4658.html]
[umrahcompanions.com/blog9ba9.html]
[umrahcompanions.com/blogfdb0.html]
[umrahcompanions.com/blogaf4d.html]
[umrahcompanions.com/blogc575.html]
[umrahcompanions.com/blog235c.html]
[umrahcompanions.com/blogfdfa.html]
[umrahcompanions.com/blog0b08.html]
[umrahcompanions.com/blog1448.html]
[umrahcompanions.com/blog5760.html]
[umrahcompanions.com/blog.html]
[umrahcompanions.com/blog42a7.html]
[umrahcompanions.com/approot/storage/app/public/images/frontend/who-we-are-banner.png]
[umrahcompanions.com/approot/storage/app/public/images/frontend/Group 3830.webp]
[umrahcompanions.com/who_we_are.html]
[umrahcompanions.com/approot/storage/app/public/images/frontend/payfast.png]
[umrahcompanions.com/assets/frontend/js/reserve-transport.js]
[umrahcompanions.com/window.location]
[umrahcompanions.com/assets/frontend/img/loader.gif]
[umrahcompanions.com/gettransports]
[umrahcompanions.com/gettransportcart.html]
[umrahcompanions.com/transportaddtocart]
[umrahcompanions.com/transportremovecart]
[umrahcompanions.com/reservetransport.html]
[umrahcompanions.com/approot/storage/app/public/images/frontend/starmobile.svg]
[umrahcompanions.com/approot/storage/app/public/images/frontend/homemobile.svg]
[umrahcompanions.com/approot/storage/app/public/images/frontend/arrow-right.svg]
[umrahcompanions.com/approot/storage/app/public/images/frontend/maqam_logo.svg]
[umrahcompanions.com/approot/storage/app/public/images/frontend/nusuk_logo.svg]
[umrahcompanions.com/approot/storage/app/public/images/frontend/saudi_logo.svg]
[umrahcompanions.com/approot/storage/app/public/images/frontend/ary_logo.svg]
[umrahcompanions.com/approot/storage/app/public/images/frontend/zindigi_logo.svg]
[umrahcompanions.com/umrah_packages_pakistan.html]
[umrahcompanions.com/umrah_packages_canada.html]
[umrahcompanions.com/umrah_packages_uk.html]
[umrahcompanions.com/umrah_packages_uae.html]
[umrahcompanions.com/terms_and_conditions.html]
[cdnjs.cloudflare.com/ajax/libs/OwlCarousel2/2.3.4/assets/owl.video.play.png]
[cdnjs.cloudflare.com/ajax/libs/OwlCarousel2/2.3.4/assets/owl.carousel.min.css]
[umrahcompanions.com/favicon.123.delayed]
[umrahcompanions.com/dist/img/bg2.125.delayed]
[umrahcompanions.com/dist/img/bg1.jpg]
[umrahcompanions.com/assets/backoffice/vendors/jquery/dist/jquery.min.js]
[umrahcompanions.com/assets/backoffice/vendors/popper.js/dist/umd/popper.min.js]
[umrahcompanions.com/assets/backoffice/vendors/bootstrap/dist/js/bootstrap.min.js]
[umrahcompanions.com/assets/backoffice/dist/js/jquery.slimscroll.js]
[umrahcompanions.com/assets/backoffice/dist/js/dropdown-bootstrap-extended.js]
[umrahcompanions.com/assets/backoffice/vendors/owl.carousel/dist/owl.carousel.min.js]
[umrahcompanions.com/assets/backoffice/dist/js/feather.min.js]
[umrahcompanions.com/assets/backoffice/dist/js/init.js]
[umrahcompanions.com/assets/backoffice/dist/js/login-data.js]
[umrahcompanions.com/login.html]
[umrahcompanions.com/front/register.html]
[umrahcompanions.com/a.html]
[umrahcompanions.com/POST.html]
[umrahcompanions.com/schema.org]
[umrahcompanions.com/schema.org/index.html]
[umrahcompanions.com/b.html]
[umrahcompanions.com/d.html]
[umrahcompanions.com/signals/iwl.html]
[umrahcompanions.com/c.html]
[umrahcompanions.com/c-2.html]
[umrahcompanions.com/assets/frontend/img/banner-bg.html]
[umrahcompanions.com/assets/frontend/img/curve.html]
[umrahcompanions.com/images/seo_images/78699.customized-umrah-package-builder-_-umrah-companions.html]
[cdnjs.cloudflare.com/ajax/libs/animate.css/4.1.1/animate.min.css]
[umrahcompanions.com/assets/frontend/css/land-package.css]
[umrahcompanions.com/approot/storage/app/public/images/defaultItinerary/UPN2507-02698e4.png]
[umrahcompanions.com/approot/storage/app/public/images/defaultItinerary/UPN2507-026-rect98e4.png]
[umrahcompanions.com/approot/storage/app/public/images/defaultItinerary/UPN2507-01098e4.png]
[umrahcompanions.com/approot/storage/app/public/images/defaultItinerary/UPN2507-010-rect98e4.png]
[umrahcompanions.com/approot/storage/app/public/images/defaultItinerary/UPN2507-02598e4.png]
[umrahcompanions.com/approot/storage/app/public/images/defaultItinerary/UPN2507-025-rect98e4.png]
[umrahcompanions.com/approot/storage/app/public/images/defaultItinerary/UPN2507-01198e4.png]
[umrahcompanions.com/approot/storage/app/public/images/defaultItinerary/UPN2507-011-rect98e4.png]
[umrahcompanions.com/approot/storage/app/public/images/defaultItinerary/UPN2507-01998e4.png]
[umrahcompanions.com/approot/storage/app/public/images/defaultItinerary/UPN2507-019-rect98e4.png]
[umrahcompanions.com/approot/storage/app/public/images/defaultItinerary/UPN2507-01898e4.png]
[umrahcompanions.com/approot/storage/app/public/images/defaultItinerary/UPN2507-018-rect98e4.png]
[umrahcompanions.com/packagesab2c.html]
[umrahcompanions.com/assets/frontend/css/flip_card_style.css]
[staging.umrahcompanions.com/approot/storage/app/public/images/frontend/faqs-banner.html]
[cdnjs.cloudflare.com/ajax/libs/Dropify/0.2.2/css/dropify.min.css]
[umrahcompanions.com/backoffice/home]
[cdnjs.cloudflare.com/ajax/libs/Dropify/0.2.2/js/dropify.js]
[umrahcompanions.com/assets/frontend/js/package-detail.js]
[umrahcompanions.com/sendCode]
[umrahcompanions.com/VerifyCode]
[umrahcompanions.com/CheckEmail]
[umrahcompanions.com/checkout-visac399.html]
[umrahcompanions.com/backoffice/home]
[umrahcompanions.com/checkout-visa9b54.html]
[umrahcompanions.com/backoffice/home]
[umrahcompanions.com/checkout-visa2f49.html]
[umrahcompanions.com/backoffice/home]
[umrahcompanions.com/checkout-visaf45e.html]
[umrahcompanions.com/backoffice/home]
[umrahcompanions.com/checkout-visab0b3.html]
[umrahcompanions.com/backoffice/home]
[umrahcompanions.com/checkout-visa4126.html]
[umrahcompanions.com/assets/frontend/img/experiences-tour/experiences-banner.jpg]
[umrahcompanions.com/assets/frontend/css/experience-tour.css]
[cdn.jsdelivr.net/npm/@fancyapps/ui@5.0/dist/fancybox/fancybox.css]
[transfers.funadiq.com/storage/uploads/PHOTO-2025-07-19-01-27-35.jpg]
[transfers.funadiq.com/storage/uploads/PHOTO-2025-07-19-01-26-21.jpg]
[transfers.funadiq.com/storage/uploads/Unknown.jpg]
[cdnjs.cloudflare.com/ajax/libs/lightbox2/2.11.4/css/lightbox.css]
[cdnjs.cloudflare.com/ajax/libs/lightbox2/2.11.4/js/lightbox.min.js]
[umrahcompanions.com/assets/frontend/js/experience-tour/tabs-toolbar.js]
[umrahcompanions.com/assets/frontend/js/experience-tour/number-of-rooms.js]
[umrahcompanions.com/assets/frontend/js/experience-tour/gallery-box.js]
[umrahcompanions.com/assets/frontend/js/experience-tour/itinerary.js]
[umrahcompanions.com/experience_detail/visit-taif-like-never-before.html]
[transfers.funadiq.com/storage/uploads/FB_IMG_1745623194205.jpg]
[transfers.funadiq.com/storage/uploads/20250221_105638.jpg]
[transfers.funadiq.com/storage/uploads/20250210_182800.jpg]
[transfers.funadiq.com/storage/uploads/20250210_152602.jpg]
[transfers.funadiq.com/storage/uploads/20250210_145546.jpg]
[transfers.funadiq.com/storage/uploads/IMG-20250621-WA0030.jpg]
[transfers.funadiq.com/storage/uploads/44fa6f94e25b4a1b2c31ad9a5c28ce82.png]
[transfers.funadiq.com/storage/uploads/Screenshot_20250624_064459_YouTube.jpg]
[transfers.funadiq.com/storage/uploads/Screenshot_20250624_064446_YouTube.jpg]
[transfers.funadiq.com/storage/uploads/IMG-20250624-WA0052.jpg]
[transfers.funadiq.com/storage/uploads/IMG-20250624-WA0053.jpg]
[transfers.funadiq.com/storage/uploads/IMG-20250624-WA0030.jpg]
[transfers.funadiq.com/storage/uploads/IMG-20250624-WA0048.jpg]
[transfers.funadiq.com/storage/uploads/IMG-20250624-WA0042.jpg]
[umrahcompanions.com/experience_detail/explore-abha-like-never-before.html]
[transfers.funadiq.com/storage/uploads/Unknown-1.jpg]
[transfers.funadiq.com/storage/uploads/IMG-20250611-WA0027.jpg]
[transfers.funadiq.com/storage/uploads/IMG-20250421-WA0019.jpg]
[transfers.funadiq.com/storage/uploads/IMG-20250421-WA0017.jpg]
[transfers.funadiq.com/storage/uploads/IMG-20250421-WA0001.jpg]
[transfers.funadiq.com/storage/uploads/IMG-20250421-WA0007.jpg]
[transfers.funadiq.com/storage/uploads/IMG-20250421-WA0000.jpg]
[umrahcompanions.com/experience_detail/explore-taif-like-never-before.html]
[umrahcompanions.com/experience-tour-listing.html]
[umrahcompanions.com/assets/frontend/img/experiences-tour/diverse-destinations.svg]
[umrahcompanions.com/assets/frontend/img/experiences-tour/value-for-money.svg]
[umrahcompanions.com/assets/frontend/img/experiences-tour/beautiful-places.svg]
[umrahcompanions.com/assets/frontend/img/experiences-tour/fast-booking.svg]
[umrahcompanions.com/assets/frontend/img/experiences-tour/support-team.svg]
[umrahcompanions.com/assets/frontend/img/experiences-tour/passionate-travel.svg]
[umrahcompanions.com/assets/frontend/img/experiences-tour/play-btn.svg]
[umrahcompanions.com/assets/frontend/css/book-hotel.css]
[cdn.jsdelivr.net/npm/sweetalert2@11.7.16/dist/sweetalert2.min.css]
[cdn.datatables.net/1.11.5/images/sort_both.png]
[cdn.datatables.net/1.11.5/images/sort_asc.png]
[cdn.datatables.net/1.11.5/images/sort_desc.png]
[cdn.datatables.net/1.11.5/images/sort_asc_disabled.png]
[cdn.datatables.net/1.11.5/images/sort_desc_disabled.png]
[cdn.datatables.net/1.11.5/css/jquery.dataTables.min.css]
[cdn.datatables.net/responsive/2.2.9/css/responsive.dataTables.min.css]
[clicktoumrah.com/public/uploads/media/propertyDefaultImage-image_79427fded403b38.jpg]
[clicktoumrah.com/public/uploads/media/property-image_197322473f9c58d.jpg]
[clicktoumrah.com/public/uploads/media/property-image_197322473f9c58d1.jpg]
[clicktoumrah.com/public/uploads/media/property-image_197322473f9c58d2.jpg]
[clicktoumrah.com/public/uploads/media/property-image_197322473f9c58d3.jpg]
[umrahcompanions.com/assets/frontend/img/new-makkah.png]
[umrahcompanions.com/assets/frontend/img/double-arrow-r.png]
[umrahcompanions.com/hotel_detail/window.location.href]
[umrahcompanions.com/hotel_detail/52a4c2.html]
[clicktoumrah.com/public/uploads/media/propertyDefaultImage-image_4b9uQ3RDaMo0WYR.jpg]
[clicktoumrah.com/public/uploads/media/property-image_01a4589afe749d4.jpg]
[clicktoumrah.com/public/uploads/media/property-image_01a4589afe749d41.jpg]
[clicktoumrah.com/public/uploads/media/property-image_01a4589afe749d42.jpg]
[clicktoumrah.com/public/uploads/media/property-image_01a4589afe749d43.jpg]
[umrahcompanions.com/hotel_detail/63d171.html]
[clicktoumrah.com/public/uploads/media/propertyDefaultImage-image_a413b35713be492.jpg]
[clicktoumrah.com/public/uploads/media/property-image_a8972b332e3f1cb.jpg]
[clicktoumrah.com/public/uploads/media/property-image_a8972b332e3f1cb1.jpg]
[clicktoumrah.com/public/uploads/media/property-image_a8972b332e3f1cb2.jpg]
[clicktoumrah.com/public/uploads/media/property-image_a8972b332e3f1cb4.jpg]
[umrahcompanions.com/hotel_detail/379e76.html]
[clicktoumrah.com/public/uploads/media/propertyDefaultImage-image_p7VCWkagi8JX2kr.jpg]
[clicktoumrah.com/public/uploads/media/property-image_47e3ef0ff65cc56.jpg]
[clicktoumrah.com/public/uploads/media/property-image_47e3ef0ff65cc561.jpg]
[clicktoumrah.com/public/uploads/media/property-image_47e3ef0ff65cc562.jpg]
[clicktoumrah.com/public/uploads/media/property-image_47e3ef0ff65cc563.jpg]
[umrahcompanions.com/hotel_detail/64adfa.html]
[clicktoumrah.com/public/uploads/media/property-image_HnDX7NhGgYnLIWh.jpg]
[clicktoumrah.com/public/uploads/media/property-image_jXyPBHFWybx81ct.jpg]
[clicktoumrah.com/public/uploads/media/property-image_e5LP1GLj4z6V3Gz.jpg]
[clicktoumrah.com/public/uploads/media/property-image_j18rvZ5xJERf82E.jpg]
[umrahcompanions.com/hotel_detail/1050f193.html]
[clicktoumrah.com/public/uploads/media/propertyDefaultImage-image_33ZJwLKl6ZViY96.jpg]
[clicktoumrah.com/public/uploads/media/property-image_8jYq7M5OkwqN1pt.jpg]
[clicktoumrah.com/public/uploads/media/property-image_HZM5BBad6Frcxn6.jpg]
[clicktoumrah.com/public/uploads/media/property-image_965zf0XzYmVHo1L.jpg]
[clicktoumrah.com/public/uploads/media/property-image_ss2bcgqBmtvBitm.jpg]
[umrahcompanions.com/hotel_detail/993759d.html]
[clicktoumrah.com/public/uploads/media/propertyDefaultImage-image_a04e3e77216d082.jpg]
[clicktoumrah.com/public/uploads/media/property-image_69df15d167be862.jpg]
[clicktoumrah.com/public/uploads/media/property-image_69df15d167be8621.jpg]
[clicktoumrah.com/public/uploads/media/property-image_69df15d167be8622.jpg]
[clicktoumrah.com/public/uploads/media/property-image_69df15d167be8623.jpg]
[umrahcompanions.com/hotel_detail/574684c.html]
[clicktoumrah.com/public/uploads/media/propertyDefaultImage-image_cf9zuxxImDVlddJ.jpg]
[clicktoumrah.com/public/uploads/media/property-image_p7cxSf95lJRPpax.jpg]
[clicktoumrah.com/public/uploads/media/property-image_cAGBnfUcCkDBmOu.jpg]
[clicktoumrah.com/public/uploads/media/property-image_IrCQouYhHp4xGPD.jpg]
[clicktoumrah.com/public/uploads/media/property-image_Q3wmOy4xfUH410O.jpg]
[umrahcompanions.com/hotel_detail/964468f.html]
[umrahcompanions.com/assets/frontend/css/new-inquiry.css]
[umrahcompanions.com/approot/storage/app/public/images/frontend/uc_logo.svg]
[umrahcompanions.com/approot/storage/app/public/images/frontend/personal_information.svg]
[umrahcompanions.com/approot/storage/app/public/images/frontend/additional_information.svg]
[umrahcompanions.com/assets/frontend/css/contact.css]
[umrahcompanions.com/images/seo_images.1a2.delayed]
[umrahcompanions.com/images/seo_images/index.html]
[umrahcompanions.com/assets/frontend/img/second-line.png]
[umrahcompanions.com/assets/frontend/css/faqs.css]
[umrahcompanions.com/faqs4658.html]
[umrahcompanions.com/assets/frontend/css/affiliate.css]
[umrahcompanions.com/assets/frontend/css/blog.css]
[umrahcompanions.com/faqs2679.html]
[umrahcompanions.com/approot/storage/app/public/images/frontend/blog-detail-banner.png]
[umrahcompanions.com/blog/umrah-with-kids-what-you-need-to-know-before-the-journey.html]
[umrahcompanions.com/approot/storage/app/public/images/blogs/28086..jpg]
[umrahcompanions.com/approot/storage/app/public/images/blogs/92956..jpg]
[umrahcompanions.com/blog/packing-list-your-trip-with-umrah-companions.html]
[umrahcompanions.com/blog/umrah-companions-new-website.html]
[umrahcompanions.com/approot/storage/app/public/images/blogs/30028..jpg]
[umrahcompanions.com/blog/how-to-pack-your-umrah-luggage-like-a-pro.html]
[umrahcompanions.com/approot/storage/app/public/images/blogs/53558..jpg]
[umrahcompanions.com/blog/august-umrah-land-package-for-4-pilgrims-–-7-nights-of-spiritual-tranquility-and-comfort.html]
[umrahcompanions.com/blog/comprehensive-7-night-pilgrimage-package-for-4-persons.html]
[umrahcompanions.com/blog/umrah-academy.html]
[umrahcompanions.com/approot/storage/app/public/images/blogs/35366-blogs.jpg]
[umrahcompanions.com/blog/7-night-spiritual-journey-package_-jeddah,-makkah-&-madinah-for-2-pilgrims.html]
[umrahcompanions.com/blog/july-umrah-package_-07-nights-for-04-pilgrims-–-land-package.html]
[umrahcompanions.com/blog/discover-the-20-night-july-land-package.html]
[umrahcompanions.com/blog/top-five-nusuk-registered-hotels-in-madinah.html]
[umrahcompanions.com/blog/how-ibraheem,-your-ai-powered-assistant,-transforms-umrah-travel-planning.html]
[umrahcompanions.com/blog/registered-hotels-on-nusuk-masar-in-madinah.html]
[umrahcompanions.com/blog/the-best-registered-hotels-on-nusuk-masar-in-makkah.html]
[umrahcompanions.com/approot/storage/app/public/images/blogs/37337..jpg]
[umrahcompanions.com/blog/july-umrah-package_-7-nights-in-makkah-for-47-pilgrims.html]
[umrahcompanions.com/approot/storage/app/public/images/blogs/82981..jpg]
[umrahcompanions.com/blog/explore-abha-like-never-before-–-a-scenic-weekend-escape-from-jeddah.html]
[umrahcompanions.com/blog/july-umrah-flight-package-from-jfk-usa_-10-night-journey-for-4-pilgrims.html]
[umrahcompanions.com/approot/storage/app/public/images/blogs/70865..jpg]
[umrahcompanions.com/approot/storage/app/public/images/blogs/35885..jpg]
[umrahcompanions.com/blog/exclusive-10-night-umrah-package-from-jfk-to-saudi-arabia-–-july-2025.html]
[umrahcompanions.com/approot/storage/app/public/images/blogs/54595..jpg]
[umrahcompanions.com/blog/umrah-land-package-for-4-persons_-7-nights-in-july.html]
[umrahcompanions.com/blog/14-night-umrah-land-package-for-4-travelers.html]
[umrahcompanions.com/approot/storage/app/public/images/blogs/20917..jpg]
[umrahcompanions.com/blog/exploring-the-7-night-umrah-land-package-for-july.html]
[umrahcompanions.com/approot/storage/app/public/images/blogs/77275-blogs.jpg]
[umrahcompanions.com/blog/choosing-the-perfect-family-friendly-accommodation-for-your-umrah-package.html]
[umrahcompanions.com/approot/storage/app/public/images/blogs/87655..png]
[umrahcompanions.com/blog/tips-to-perform-umrah-in-summer-season-with-umrah-packages.html]
[umrahcompanions.com/approot/storage/app/public/images/blogs/79121..png]
[umrahcompanions.com/blog4658.html]
[umrahcompanions.com/blog2679.html]
[umrahcompanions.com/blog/embark-on-a-sacred-journey_-a-complete-guide-to-umrah-rituals-and-traditions.html]
[umrahcompanions.com/approot/storage/app/public/images/blogs/71218..png]
[umrahcompanions.com/blog/unveiling-the-hidden-gems_-exploring-the-7-secrets-of-umrah.html]
[umrahcompanions.com/approot/storage/app/public/images/blogs/43998..png]
[umrahcompanions.com/blog/embark-on-a-spiritual-journey_-exploring-umrah-in-ramadan-with-ramadan-umrah-packages.html]
[umrahcompanions.com/approot/storage/app/public/images/blogs/94753..png]
[umrahcompanions.com/blog/planning-umrah-with-friendsec69]
[umrahcompanions.com/approot/storage/app/public/images/blogs/13664..png]
[umrahcompanions.com/blog/can-umrah-be-performed-on-behalf-of-others.1ccd41d.delayed]
[umrahcompanions.com/approot/storage/app/public/images/blogs/28305..png]
[umrahcompanions.com/blog/how-long-is-umrahddf9]
[umrahcompanions.com/approot/storage/app/public/images/blogs/51127..png]
[umrahcompanions.com/blog/what-you-should-know-about-umrah-packages-in-rabi-ul-awwald41d]
[umrahcompanions.com/approot/storage/app/public/images/blogs/40389..png]
[umrahcompanions.com/blog/5-must-follow-tips-for-a-successful-umrah-journey.html]
[umrahcompanions.com/approot/storage/app/public/images/blogs/48847..png]
[umrahcompanions.com/blog/thinking-about-umrah6117]
[umrahcompanions.com/approot/storage/app/public/images/blogs/32313..png]
[umrahcompanions.com/blog9ba9.html]
[umrahcompanions.com/blog/how-to-find-inexpensive-accommodations-for-umrahd41d]
[umrahcompanions.com/approot/storage/app/public/images/blogs/33732..png]
[umrahcompanions.com/blog/what-are-the-prohibited-items-and-practices-in-makkah-during-umrahd41d]
[umrahcompanions.com/approot/storage/app/public/images/blogs/63823..png]
[umrahcompanions.com/blog/why-is-there-a-growing-demand-for-cheap-umrah-packages.html]
[umrahcompanions.com/approot/storage/app/public/images/blogs/59379..png]
[umrahcompanions.com/..._a href=]
[umrahcompanions.com/approot/storage/app/public/images/blogs/43127..png]
[umrahcompanions.com/blog/how-to-plan-your-umrah-during-off-season.html]
[umrahcompanions.com/blog/what-transport-should-you-use-while-performing-umrah.1dfd41d.delayed]
[umrahcompanions.com/approot/storage/app/public/images/blogs/24703..png]
[umrahcompanions.com/blog/5-things-you-absolutely-need-to-do-before-embarking-on-umrah.html]
[umrahcompanions.com/approot/storage/app/public/images/blogs/57328..png]
[umrahcompanions.com/blog/how-to-make-umrah-a-meaningful-experience-for-the-whole-family.html]
[umrahcompanions.com/approot/storage/app/public/images/blogs/38118..png]
[umrahcompanions.com/blog/how-to-turn-unexpected-situations-into-positive-experiences-during-umrah.html]
[umrahcompanions.com/approot/storage/app/public/images/blogs/11111..png]
[umrahcompanions.com/blog/how-can-people-with-disabilities-perform-umrah-more-easily.html]
[umrahcompanions.com/approot/storage/app/public/images/blogs/13619..png]
[umrahcompanions.com/blogfdb0.html]
[umrahcompanions.com/blog/what-should-you-focus-on-for-a-smooth-and-healthy-umrah-trip.html]
[umrahcompanions.com/approot/storage/app/public/images/blogs/73820..png]
[umrahcompanions.com/blog/how-to-complete-umrah-in-only-7-days_-a-comprehensive-guide.html]
[umrahcompanions.com/approot/storage/app/public/images/blogs/88097..png]
[umrahcompanions.com/blog/how-to-explore-the-holiest-city-of-makkah-during-umrah.html]
[umrahcompanions.com/approot/storage/app/public/images/blogs/15052..png]
[umrahcompanions.com/blog/how-to-pack-smart-for-your-umrah-journey_-the-essentials.html]
[umrahcompanions.com/approot/storage/app/public/images/blogs/25578..png]
[umrahcompanions.com/blog/how-to-plan-a-solo-female-umrah-trip-with-confidence.html]
[umrahcompanions.com/approot/storage/app/public/images/blogs/50592..png]
[umrahcompanions.com/blog/how-to-plan-a-stress-free-umrah-journey_-a-step-by-step-guide.html]
[umrahcompanions.com/approot/storage/app/public/images/blogs/84516..png]
[umrahcompanions.com/blog/how-to-adopt-sustainable-practices-for-an-eco-friendly-umrah-.html]
[umrahcompanions.com/approot/storage/app/public/images/blogs/51924..png]
[umrahcompanions.com/blog/how-to-overcome-language-barriers-during-umrah.html]
[umrahcompanions.com/approot/storage/app/public/images/blogs/73419..png]
[umrahcompanions.com/blog/how-to-choose-the-right-time-for-your-umrah-journey.html]
[umrahcompanions.com/approot/storage/app/public/images/blogs/46978..png]
[umrahcompanions.com/blogaf4d.html]
[umrahcompanions.com/blog/how-to-navigate-transportation-in-makkah-and-madinah.html]
[umrahcompanions.com/approot/storage/app/public/images/blogs/74516..png]
[umrahcompanions.com/blog/how-to-plan-an-umrah-trip-for-elderly-parents.html]
[umrahcompanions.com/approot/storage/app/public/images/blogs/73378..png]
[umrahcompanions.com/blog/how-to-make-lifelong-memories-during-your-umrah-trip.html]
[umrahcompanions.com/approot/storage/app/public/images/blogs/77591..png]
[umrahcompanions.com/blog/how-to-deal-with-the-common-challenges-of-umrah.html]
[umrahcompanions.com/approot/storage/app/public/images/blogs/19891..png]
[umrahcompanions.com/blog/how-to-save-money-on-your-umrah-trip.html]
[umrahcompanions.com/approot/storage/app/public/images/blogs/23070..png]
[umrahcompanions.com/blog/how-can-you-ensure-a-smooth-departure-and-return-for-umrahd41d]
[umrahcompanions.com/approot/storage/app/public/images/blogs/38170..png]
[umrahcompanions.com/blog/where-can-i-find-affordable-umrah-packages-including-flights-for-2024-25d41d]
[umrahcompanions.com/approot/storage/app/public/images/blogs/95194..png]
[umrahcompanions.com/blog/how-can-umrah-companions-enhance-your-experience-in-2024-2025.209d41d.delayed]
[umrahcompanions.com/approot/storage/app/public/images/blogs/52171..png]
[umrahcompanions.com/blog/5-ways-to-prepare-for-umrah-physically,-mentally,-and-spiritually.html]
[umrahcompanions.com/approot/storage/app/public/images/blogs/25993..png]
[umrahcompanions.com/blogc575.html]
[umrahcompanions.com/blog/how-to-plan-your-umrah-journey-from-north-america-with-umrah-packages-in-2024-25.html]
[umrahcompanions.com/approot/storage/app/public/images/blogs/22711..png]
[umrahcompanions.com/blog/umrah-apps-you-need-to-download_-translation,-prayer-times-&-more.html]
[umrahcompanions.com/approot/storage/app/public/images/blogs/82389..png]
[umrahcompanions.com/blog/how-technology-is-transforming-the-umrah-experience.html]
[umrahcompanions.com/approot/storage/app/public/images/blogs/46740..png]
[umrahcompanions.com/blog/navigating-umrah-with-travel-restrictions_-a-guide-for-international-pilgrims.html]
[umrahcompanions.com/approot/storage/app/public/images/blogs/22853..png]
[umrahcompanions.com/blog/what-are-some-tips-for-a-successful-umrah-experience.215d41d.delayed]
[umrahcompanions.com/approot/storage/app/public/images/blogs/42792..png]
[umrahcompanions.com/blog/discover-the-essence_-explore-makkah-with-umrah-deals.html]
[umrahcompanions.com/approot/storage/app/public/images/blogs/47749..png]
[umrahcompanions.com/blog/what-should-you-include-in-your-umrah-package-for-2024-25d41d]
[umrahcompanions.com/approot/storage/app/public/images/blogs/98295..png]
[umrahcompanions.com/blog/what-are-the-new-e-visa-options-for-umrah-pilgrims.html]
[umrahcompanions.com/approot/storage/app/public/images/blogs/51366..png]
[umrahcompanions.com/blog/-what-are-the-new-regulations-for-umrah-and-hajj-pilgrims-.html]
[umrahcompanions.com/approot/storage/app/public/images/blogs/67384..png]
[umrahcompanions.com/blog235c.html]
[umrahcompanions.com/blog/-how-can-i-find-budget-friendly-umrah-packages-.html]
[umrahcompanions.com/approot/storage/app/public/images/blogs/40925..png]
[umrahcompanions.com/blog/6-stunning-cities-in-saudi-arabia-you-must-visit.html]
[umrahcompanions.com/approot/storage/app/public/images/blogs/14422..jpg]
[umrahcompanions.com/blog/best-places-to-visit-in-duba_-discover-the-hidden-gem-of-saudi-arabia.html]
[umrahcompanions.com/approot/storage/app/public/images/blogs/78826..jpg]
[umrahcompanions.com/blog/one-day-trip-to-jazan,-saudi-arabia.html]
[umrahcompanions.com/approot/storage/app/public/images/blogs/19501..jpg]
[umrahcompanions.com/blog/6-beautiful-places-to-visit-in-al-namas.html]
[umrahcompanions.com/approot/storage/app/public/images/blogs/68171..jpg]
[umrahcompanions.com/blog/6-best-hotels-in-makkah-overlooking-masjid-al-haram.html]
[umrahcompanions.com/approot/storage/app/public/images/blogs/17380..jpg]
[umrahcompanions.com/approot/storage/app/public/images/blogs/98050..jpg]
[umrahcompanions.com/blog/5-top-tourist-places-to-explore-in-al-qassim.html]
[umrahcompanions.com/blog/mesemrizing-places-to-visit-in-abha.html]
[umrahcompanions.com/approot/storage/app/public/images/blogs/56282..jpg]
[umrahcompanions.com/blog/best-places-to-visit-in-al-jubail,-saudi-arabia.html]
[umrahcompanions.com/approot/storage/app/public/images/blogs/18198..jpg]
[umrahcompanions.com/blogfdfa.html]
[umrahcompanions.com/blog1c8b.html]
[umrahcompanions.com/approot/storage/app/public/images/blogs/75980..jpg]
[umrahcompanions.com/blog/things-to-do-in-kaec,-king-abdullah-economic-city-.html]
[umrahcompanions.com/approot/storage/app/public/images/blogs/99043..jpg]
[umrahcompanions.com/blog/shopping-extravaganza_-souks-and-malls-in-saudi-arabia.html]
[umrahcompanions.com/approot/storage/app/public/images/blogs/19228..jpg]
[umrahcompanions.com/approot/storage/app/public/images/blogs/60971..jpg]
[umrahcompanions.com/blog/places-to-visit-in-yanbu,-saudi-arabia.html]
[umrahcompanions.com/blog/discovering-hidden-gems-in-saudi-arabia.html]
[umrahcompanions.com/approot/storage/app/public/images/blogs/30026..jpg]
[umrahcompanions.com/approot/storage/app/public/images/blogs/16754..jpg]
[umrahcompanions.com/blog/6-best-family-resorts-in-saudi-arabia.html]
[umrahcompanions.com/blog/explore-6-saudi-arabia-unesco-world-heritage-sites-.html]
[umrahcompanions.com/approot/storage/app/public/images/blogs/14027..jpg]
[umrahcompanions.com/blog/tourist-places-to-visit-in-damam.html]
[umrahcompanions.com/approot/storage/app/public/images/blogs/30088..jpg]
[umrahcompanions.com/blog/unveiling-the-wonders-of-jouf,-saudi-arabia_-a-travel-guide.html]
[umrahcompanions.com/approot/storage/app/public/images/blogs/40392..jpg]
[umrahcompanions.com/blog0b08.html]
[umrahcompanions.com/blogce37.html]
[umrahcompanions.com/approot/storage/app/public/images/blogs/17865..jpg]
[umrahcompanions.com/blog/6-places-to-visit-in-hail_-discover-hail-in-saudi-arabia.html]
[umrahcompanions.com/blog/top-places-to-explore-in-taif_-for-a-memorable-holiday.html]
[umrahcompanions.com/approot/storage/app/public/images/blogs/45186..jpg]
[umrahcompanions.com/blog/top-5-tourist-destinations-in-jeddah-you-can't-miss.html]
[umrahcompanions.com/approot/storage/app/public/images/blogs/72860..jpg]
[umrahcompanions.com/blog/one-day-in-al-ahsa_-unforgettable-experiences.html]
[umrahcompanions.com/approot/storage/app/public/images/blogs/96690..jpg]
[umrahcompanions.com/blog/7-must-try-things-to-do-in-saudi-arabia-on-your-next-trip.html]
[umrahcompanions.com/approot/storage/app/public/images/blogs/61841..jpg]
[umrahcompanions.com/blog/6-must-visit-winter-destinations-in-saudi-arabia.html]
[umrahcompanions.com/approot/storage/app/public/images/blogs/27385..jpg]
[umrahcompanions.com/blog/discovering-saudi-arabia_-a-transportation-guide-for-travelers.html]
[umrahcompanions.com/approot/storage/app/public/images/blogs/75761..jpg]
[umrahcompanions.com/approot/storage/app/public/images/blogs/63265..jpg]
[umrahcompanions.com/blog/discover-the-enchanting-underwater-world-at-fakieh-aquarium-in-saudi-arabia.html]
[umrahcompanions.com/blog/unveiling-the-medina-province_-4-enchanting-day-trips-to-discover.html]
[umrahcompanions.com/approot/storage/app/public/images/blogs/88570..jpg]
[umrahcompanions.com/blog8c93.html]
[umrahcompanions.com/blog1448.html]
[umrahcompanions.com/bloga7f1.html]
[umrahcompanions.com/blog/from-dreams-to-reality_-making-your-umrah-trip-a-life-changing-adventure.html]
[umrahcompanions.com/approot/storage/app/public/images/blogs/19916..jpg]
[umrahcompanions.com/blog/unlocking-inner-peace_-discover-how-umrah-alleviates-stress-and-anxiety.html]
[umrahcompanions.com/approot/storage/app/public/images/blogs/65988..jpg]
[umrahcompanions.com/blog/unlocking-the-spiritual-benefits-of-your-umrah-journey.html]
[umrahcompanions.com/approot/storage/app/public/images/blogs/70329..jpg]
[umrahcompanions.com/blog/avoiding-scams-and-frauds-in-umrah-booking_-your-safety-guide.html]
[umrahcompanions.com/approot/storage/app/public/images/blogs/68060..jpg]
[umrahcompanions.com/blog/the-do's-and-don'ts-of-umrah_-a-guide-with-insider-tips-and-benefits.html]
[umrahcompanions.com/approot/storage/app/public/images/blogs/77632..jpg]
[umrahcompanions.com/approot/storage/app/public/images/blogs/97483..jpg]
[umrahcompanions.com/blog/saudi-arabia-introduces-the-nusuk-app-for-pilgrims.html]
[umrahcompanions.com/blog/how-much-does-umrah-cost-and-how-to-budget.html]
[umrahcompanions.com/approot/storage/app/public/images/blogs/71520..jpg]
[umrahcompanions.com/approot/storage/app/public/images/blogs/48410..jpg]
[umrahcompanions.com/blog/top-reasons-to-plan-your-umrah-trip-today.html]
[umrahcompanions.com/blog/umrah-with-families-and-children--all-you-need-to-know.html]
[umrahcompanions.com/approot/storage/app/public/images/blogs/23166..jpg]
[umrahcompanions.com/blog5760.html]
[umrahcompanions.com/blog/umrah-in-ramadan-how-to-plan-it.html]
[umrahcompanions.com/approot/storage/app/public/images/blogs/65841..jpg]
[umrahcompanions.com/approot/storage/app/public/images/blogs/14857..jpg]
[umrahcompanions.com/blog/types-of-umrah-differences-rules-and-guideline.html]
[umrahcompanions.com/blog/planning-an-umrah-trip-everything-you-need-to-know.html]
[umrahcompanions.com/approot/storage/app/public/images/blogs/16368..jpg]
[umrahcompanions.com/approot/storage/app/public/images/blogs/25835-blogs.png]
[umrahcompanions.com/blog42a7.html]
[umrahcompanions.com/assets/frontend/css/who-we-are.css]
[umrahcompanions.com/blog/what-to-avoid-when-choosing-your-umrah-package.html]
[i.ibb.co/X292hJF/form-wizard-bg-2.jpg]
[umrahcompanions.com/assets/frontend/css/style-wizard.css]
[umrahcompanions.com/assets/frontend/css/reserve-transport.css]
[umrahcompanions.com/window.html]
[umrahcompanions.com/gettransports.html]
[umrahcompanions.com/gettransportcart.html]
[umrahcompanions.com/transportaddtocart.html]
[umrahcompanions.com/transportremovecart.html]
[umrahcompanions.com/assets/frontend/css/privacy-policy.css]
[umrahcompanions.com/favicon.html]
[umrahcompanions.com/assets/backoffice/dist/img/landing-pg/herobg.png]
[umrahcompanions.com/assets/backoffice/dist/css/style.css]
[umrahcompanions.com/dist/img/bg2.html]
[umrahcompanions.com/dist/img/bg1.html]
[umrahcompanions.com/schema.html]
[umrahcompanions.com/assets/frontend/css/land-package-detail.css]
[cdnjs.cloudflare.com/ajax/libs/Dropify/0.2.2/css/dropify.min.css]
[umrahcompanions.com/sendCode.html]
[umrahcompanions.com/VerifyCode.html]
[umrahcompanions.com/CheckEmail.html]
[umrahcompanions.com/assets/frontend/img/experiences-tour/arrow-down.svg]
[umrahcompanions.com/assets/frontend/img/experiences-tour/tour-detail-image.png]
[umrahcompanions.com/assets/frontend/css/experience-tour-detail.css]
[cdn.jsdelivr.net/npm/@fancyapps/ui@5.0/dist/fancybox/fancybox.css]
[umrahcompanions.com/assets/frontend/img/experiences-tour/number-of-night.svg]
[umrahcompanions.com/assets/frontend/img/experiences-tour/max-people.svg]
[umrahcompanions.com/assets/frontend/img/experiences-tour/date.svg]
[umrahcompanions.com/assets/frontend/img/experiences-tour/min-age.svg]
[umrahcompanions.com/assets/frontend/img/experiences-tour/pickup-location.svg]
[umrahcompanions.com/assets/frontend/img/experiences-tour/calendar.svg]
[cdnjs.cloudflare.com/ajax/libs/lightbox2/2.11.4/images/loading.gif]
[cdnjs.cloudflare.com/ajax/libs/lightbox2/2.11.4/images/prev.png]
[cdnjs.cloudflare.com/ajax/libs/lightbox2/2.11.4/images/next.png]
[cdnjs.cloudflare.com/ajax/libs/lightbox2/2.11.4/images/close.png]
[cdnjs.cloudflare.com/ajax/libs/lightbox2/2.11.4/css/lightbox.css]
[umrahcompanions.com/assets/frontend/css/book-hotel-detail.css]
[umrahcompanions.com/images/seo_images.html]
[umrahcompanions.com/faqs2679.html]
[umrahcompanions.com/assets/frontend/css/blog-detail.css]
[umrahcompanions.com/hotel_detail/window.location.html]
[umrahcompanions.com/images/seo_images/23082.umrah-with-kids-_-umrah-companions.286.delayed]
[umrahcompanions.com/images/seo_images/35730.umrah-with-kids-_-umrah-companions.jpeg]
[umrahcompanions.com/approot/storage/app/public/images/blog_images/1646921312 UWK.png.png]
[umrahcompanions.com/approot/storage/app/public/images/blog_images/1646921354 UWK 1.png.png]
[umrahcompanions.com/blog/umrah-with-kids-what-you-need-to-know-before-the-journey.html]
[umrahcompanions.com/images/seo_images/67330.packing-list-_-umrah-companions.28a.delayed]
[umrahcompanions.com/images/seo_images/26354.packing-list-_-umrah-companions.jpeg]
[umrahcompanions.com/approot/storage/app/public/images/blog_images/1646997319 Packing_List 3.png.png]
[umrahcompanions.com/approot/storage/app/public/images/blog_images/1646997405 Packing_List 4.png.png]
[umrahcompanions.com/blog/packing-list-your-trip-with-umrah-companions.html]
[umrahcompanions.com/approot/storage/app/public/images/blog_images/1647957997 Umrah Companions New Website-Great Umrah Deals.png.png]
[umrahcompanions.com/approot/storage/app/public/images/blog_images/1647958098 Screen Shot 2022-03-22 at 10.07.33 AM.png.png]
[umrahcompanions.com/approot/storage/app/public/images/blog_images/1647958193 Umrah Companions Blog Umrah News.png.png]
[umrahcompanions.com/blog/umrah-companions-new-website.html]
[umrahcompanions.com/approot/storage/app/public/images/blog_images/1649150862 Umrah Luggage.png.png]
[umrahcompanions.com/approot/storage/app/public/images/blog_images/1649150946 Umrah Luggage 2.png.png]
[umrahcompanions.com/approot/storage/app/public/images/blog_images/1649151095 Umrah Luggage 1.png.png]
[umrahcompanions.com/blog/how-to-pack-your-umrah-luggage-like-a-pro.html]
[umrahcompanions.com/blog/umrahcompanions.com]
[umrahcompanions.com/blog/umrah-academy.html]
[umrahcompanions.com/blog/july-umrah-package_-7-nights-in-makkah-for-47-pilgrims.html]
[umrahcompanions.com/blog/explore-abha-like-never-before-–-a-scenic-weekend-escape-from-jeddah.html]
[umrahcompanions.com/blog/july-umrah-flight-package-from-jfk-usa_-10-night-journey-for-4-pilgrims.html]
[umrahcompanions.com/blog/exclusive-10-night-umrah-package-from-jfk-to-saudi-arabia-–-july-2025.html]
[umrahcompanions.com/blog/umrah-land-package-for-4-persons_-7-nights-in-july.html]
[umrahcompanions.com/blog/14-night-umrah-land-package-for-4-travelers.html]
[umrahcompanions.com/blog/exploring-the-7-night-umrah-land-package-for-july.html]
[umrahcompanions.com/blog/choosing-the-perfect-family-friendly-accommodation-for-your-umrah-package.html]
[umrahcompanions.com/blog/tips-to-perform-umrah-in-summer-season-with-umrah-packages.html]
[umrahcompanions.com/blog2679.html]
[umrahcompanions.com/blog/embark-on-a-sacred-journey_-a-complete-guide-to-umrah-rituals-and-traditions.html]
[umrahcompanions.com/blog/unveiling-the-hidden-gems_-exploring-the-7-secrets-of-umrah.html]
[umrahcompanions.com/blog/embark-on-a-spiritual-journey_-exploring-umrah-in-ramadan-with-ramadan-umrah-packages.html]
[umrahcompanions.com/blog/planning-umrah-with-friendsec69.html]
[umrahcompanions.com/blog/how-long-is-umrahddf9.html]
[umrahcompanions.com/blog/5-must-follow-tips-for-a-successful-umrah-journey.html]
[umrahcompanions.com/blog/what-you-should-know-about-umrah-packages-in-rabi-ul-awwald41d.html]
[umrahcompanions.com/blog/why-is-there-a-growing-demand-for-cheap-umrah-packages.html]
[umrahcompanions.com/...html]
[umrahcompanions.com/blog/how-to-plan-your-umrah-during-off-season.html]
[umrahcompanions.com/blog/5-things-you-absolutely-need-to-do-before-embarking-on-umrah.html]
[umrahcompanions.com/blog/how-to-make-umrah-a-meaningful-experience-for-the-whole-family.html]
[umrahcompanions.com/blog/how-to-turn-unexpected-situations-into-positive-experiences-during-umrah.html]
[umrahcompanions.com/blog/how-can-people-with-disabilities-perform-umrah-more-easily.html]
[umrahcompanions.com/blog/what-should-you-focus-on-for-a-smooth-and-healthy-umrah-trip.html]
[umrahcompanions.com/blog/how-to-complete-umrah-in-only-7-days_-a-comprehensive-guide.html]
[umrahcompanions.com/blog/how-to-explore-the-holiest-city-of-makkah-during-umrah.html]
[umrahcompanions.com/blog/how-to-pack-smart-for-your-umrah-journey_-the-essentials.html]
[umrahcompanions.com/blog/how-to-plan-a-solo-female-umrah-trip-with-confidence.html]
[umrahcompanions.com/blog/how-to-plan-a-stress-free-umrah-journey_-a-step-by-step-guide.html]
[umrahcompanions.com/blog/how-to-find-inexpensive-accommodations-for-umrahd41d.html]
[umrahcompanions.com/blog/how-to-adopt-sustainable-practices-for-an-eco-friendly-umrah-.html]
[umrahcompanions.com/blog/how-to-overcome-language-barriers-during-umrah.html]
[umrahcompanions.com/blog/how-to-choose-the-right-time-for-your-umrah-journey.html]
[umrahcompanions.com/blog/thinking-about-umrah6117.html]
[umrahcompanions.com/blog/how-to-navigate-transportation-in-makkah-and-madinah.html]
[umrahcompanions.com/blog/how-to-plan-an-umrah-trip-for-elderly-parents.html]
[umrahcompanions.com/blog/how-to-make-lifelong-memories-during-your-umrah-trip.html]
[umrahcompanions.com/blog/how-to-deal-with-the-common-challenges-of-umrah.html]
[umrahcompanions.com/blog/how-to-save-money-on-your-umrah-trip.html]
[umrahcompanions.com/blog/5-ways-to-prepare-for-umrah-physically,-mentally,-and-spiritually.html]
[umrahcompanions.com/blog/what-are-the-prohibited-items-and-practices-in-makkah-during-umrahd41d.html]
[umrahcompanions.com/blog/how-to-plan-your-umrah-journey-from-north-america-with-umrah-packages-in-2024-25.html]
[umrahcompanions.com/blog/umrah-apps-you-need-to-download_-translation,-prayer-times-&-more.html]
[umrahcompanions.com/blog/how-technology-is-transforming-the-umrah-experience.html]
[umrahcompanions.com/blog/navigating-umrah-with-travel-restrictions_-a-guide-for-international-pilgrims.html]
[umrahcompanions.com/blog/discover-the-essence_-explore-makkah-with-umrah-deals.html]
[umrahcompanions.com/blog/what-are-the-new-e-visa-options-for-umrah-pilgrims.html]
[umrahcompanions.com/blog/-what-are-the-new-regulations-for-umrah-and-hajj-pilgrims-.html]
[umrahcompanions.com/blog/-how-can-i-find-budget-friendly-umrah-packages-.html]
[umrahcompanions.com/blog/6-stunning-cities-in-saudi-arabia-you-must-visit.html]
[umrahcompanions.com/blog/best-places-to-visit-in-duba_-discover-the-hidden-gem-of-saudi-arabia.html]
[umrahcompanions.com/blog/one-day-trip-to-jazan,-saudi-arabia.html]
[umrahcompanions.com/blog/6-beautiful-places-to-visit-in-al-namas.html]
[umrahcompanions.com/blog/6-best-hotels-in-makkah-overlooking-masjid-al-haram.html]
[umrahcompanions.com/blog/5-top-tourist-places-to-explore-in-al-qassim.html]
[umrahcompanions.com/blog/how-can-you-ensure-a-smooth-departure-and-return-for-umrahd41d.html]
[umrahcompanions.com/blog/mesemrizing-places-to-visit-in-abha.html]
[umrahcompanions.com/blog/best-places-to-visit-in-al-jubail,-saudi-arabia.html]
[umrahcompanions.com/blog/where-can-i-find-affordable-umrah-packages-including-flights-for-2024-25d41d.html]
[umrahcompanions.com/blog/what-should-you-include-in-your-umrah-package-for-2024-25d41d.html]
[umrahcompanions.com/blog/unveiling-the-hidden-gems_-8-unexpected-saudi-sights-worth-exploring.html]
[umrahcompanions.com/approot/storage/app/public/images/blogs/28689..jpg]
[umrahcompanions.com/blog/discover-5-top-attractions-in-riyadh.html]
[umrahcompanions.com/approot/storage/app/public/images/blogs/68322..jpg]
[umrahcompanions.com/blog/discover-the-finest-luxury-hotels-in-madinah.html]
[umrahcompanions.com/approot/storage/app/public/images/blogs/96574..jpg]
[umrahcompanions.com/blog/hira-cultural-district-tour-in-makkah.html]
[umrahcompanions.com/approot/storage/app/public/images/blogs/41773..jpg]
[umrahcompanions.com/approot/storage/app/public/images/blogs/59269..jpg]
[umrahcompanions.com/blog/explore-taif_-important-landmarks-in-taif.html]
[umrahcompanions.com/blog/explore-historical-sites-in-makkah-during-hajj-and-umrah.html]
[umrahcompanions.com/approot/storage/app/public/images/blogs/85146..jpg]
[umrahcompanions.com/blog/5-must-see-open-air-attractions-in-saudi-arabia.html]
[umrahcompanions.com/approot/storage/app/public/images/blogs/94555..jpg]
[umrahcompanions.com/blog/explore-mouthwatering-restaurants-in-al-ahsa.html]
[umrahcompanions.com/approot/storage/app/public/images/blogs/78570..jpg]
[umrahcompanions.com/blog/exploring-the-rich-history-of-al-masmak-palace-in-riyadh.html]
[umrahcompanions.com/approot/storage/app/public/images/blogs/49230..jpg]
[umrahcompanions.com/blog1c8b.html]
[umrahcompanions.com/blog/things-to-do-in-kaec,-king-abdullah-economic-city-.html]
[umrahcompanions.com/blog/shopping-extravaganza_-souks-and-malls-in-saudi-arabia.html]
[umrahcompanions.com/blog/places-to-visit-in-yanbu,-saudi-arabia.html]
[umrahcompanions.com/blog/discovering-hidden-gems-in-saudi-arabia.html]
[umrahcompanions.com/blog/6-best-family-resorts-in-saudi-arabia.html]
[umrahcompanions.com/blog/explore-6-saudi-arabia-unesco-world-heritage-sites-.html]
[umrahcompanions.com/blog/tourist-places-to-visit-in-damam.html]
[umrahcompanions.com/blog/unveiling-the-wonders-of-jouf,-saudi-arabia_-a-travel-guide.html]
[umrahcompanions.com/approot/storage/app/public/images/blogs/43026..jpg]
[umrahcompanions.com/blog/planning-the-perfect-trip-to-al-ahsa.html]
[umrahcompanions.com/blog/exploring-the-rich-history-and-architecture-of-masjid-al-jinnah-in-makkah.html]
[umrahcompanions.com/approot/storage/app/public/images/blogs/30575..jpg]
[umrahcompanions.com/blog/5-places-to-visit-in-makkah-during-umrah.html]
[umrahcompanions.com/approot/storage/app/public/images/blogs/46241..jpg]
[umrahcompanions.com/blog/the-cultural-secrets-of-alula.html]
[umrahcompanions.com/approot/storage/app/public/images/blogs/94807..jpg]
[umrahcompanions.com/blog/5-must-see-museums-in-saudi-arabia.html]
[umrahcompanions.com/approot/storage/app/public/images/blogs/38117..jpg]
[umrahcompanions.com/blog/5-beautiful-spots-in-saudi-for-sunsets.html]
[umrahcompanions.com/approot/storage/app/public/images/blogs/54315..jpg]
[umrahcompanions.com/blog/how-umrah-packages-streamline-your-pilgrimage-planning.html]
[umrahcompanions.com/approot/storage/app/public/images/blogs/53295..png]
[umrahcompanions.com/blog/why-seamless-travel-planning-matters-for-your-umrah-journey.html]
[umrahcompanions.com/approot/storage/app/public/images/blogs/45782..png]
[umrahcompanions.com/blog/ramadan-in-riyadh_-explore-the-tradition.html]
[umrahcompanions.com/approot/storage/app/public/images/blogs/62108..png]
[umrahcompanions.com/blogce37.html]
[umrahcompanions.com/blog/6-places-to-visit-in-hail_-discover-hail-in-saudi-arabia.html]
[umrahcompanions.com/blog/top-places-to-explore-in-taif_-for-a-memorable-holiday.html]
[umrahcompanions.com/blog/top-5-tourist-destinations-in-jeddah-you-can't-miss.html]
[umrahcompanions.com/blog/one-day-in-al-ahsa_-unforgettable-experiences.html]
[umrahcompanions.com/blog/7-must-try-things-to-do-in-saudi-arabia-on-your-next-trip.html]
[umrahcompanions.com/blog/6-must-visit-winter-destinations-in-saudi-arabia.html]
[umrahcompanions.com/blog/discovering-saudi-arabia_-a-transportation-guide-for-travelers.html]
[umrahcompanions.com/blog/discover-the-enchanting-underwater-world-at-fakieh-aquarium-in-saudi-arabia.html]
[umrahcompanions.com/blog/unveiling-the-medina-province_-4-enchanting-day-trips-to-discover.html]
[umrahcompanions.com/blog/top-5-saudi-souvenirs-to-bring-home.html]
[umrahcompanions.com/approot/storage/app/public/images/blogs/81992..png]
[umrahcompanions.com/blog/al-balad-market-intaif---the-oldest-market-of-middle-east.html]
[umrahcompanions.com/approot/storage/app/public/images/blogs/76876..png]
[umrahcompanions.com/blog/the-kiswa-factory-of-ka'aba.html]
[umrahcompanions.com/approot/storage/app/public/images/blogs/21459..png]
[umrahcompanions.com/approot/storage/app/public/images/blogs/40387..jpg]
[umrahcompanions.com/blog/exploring-the-richness-of-8-common-saudi-spices.html]
[umrahcompanions.com/blog/castle-of-urwah-bin-zubair_-a-place-to-explore.html]
[umrahcompanions.com/approot/storage/app/public/images/blogs/38878..jpg]
[umrahcompanions.com/blog/from-dream-to-reality_-how-to-plan-and-prepare-for-your-first-umrah-adventure.html]
[umrahcompanions.com/approot/storage/app/public/images/blogs/91408..jpg]
[umrahcompanions.com/blog/hijaz-railway-station-at-alula.html]
[umrahcompanions.com/approot/storage/app/public/images/blogs/60360..jpg]
[umrahcompanions.com/blog/top-9-restraunts-in-madinah.html]
[umrahcompanions.com/approot/storage/app/public/images/blogs/26046..jpg]
[umrahcompanions.com/approot/storage/app/public/images/blogs/91583..jpg]
[umrahcompanions.com/blog8c93.html]
[umrahcompanions.com/blog/explore-four-stunning-mosques-in-saudi-arabia.html]
[umrahcompanions.com/approot/storage/app/public/images/blogs/45063..jpg]
[umrahcompanions.com/blog/how-to-avoid-umrah-mistakes-in-your-journey.html]
[umrahcompanions.com/blog/umrah-visas-and-documentation_-what-pilgrims-need-to-know.html]
[umrahcompanions.com/approot/storage/app/public/images/blogs/32902..jpg]
[umrahcompanions.com/blog/umrah-budgeting_-how-to-financially-prepare-for-your-pilgrimage.html]
[umrahcompanions.com/approot/storage/app/public/images/blogs/48764..jpg]
[umrahcompanions.com/approot/storage/app/public/images/blogs/30654..jpg]
[umrahcompanions.com/blog/how-to-prepare-for-and-perform-umrah-successfully.html]
[umrahcompanions.com/blog/budgeting-tips-for-your-umrah-travel.html]
[umrahcompanions.com/approot/storage/app/public/images/blogs/26776..jpg]
[umrahcompanions.com/blog/10-incredible-umrah-benefits-you-didn't-know-existed-.html]
[umrahcompanions.com/approot/storage/app/public/images/blogs/30121..jpg]
[umrahcompanions.com/blog/the-ultimate-umrah-guide_-7-expert-tips-to-maximize-your-spiritual-journey.html]
[umrahcompanions.com/approot/storage/app/public/images/blogs/35100..jpg]
[umrahcompanions.com/blog/7-captivating-reasons-to-embark-on-the-umrah-journey.html]
[umrahcompanions.com/approot/storage/app/public/images/blogs/19352..jpg]
[umrahcompanions.com/blog/umrah-uncovered_-insider-tips-for-a-rewarding-pilgrimage-experience.html]
[umrahcompanions.com/approot/storage/app/public/images/blogs/18315..jpg]
[umrahcompanions.com/bloga7f1.html]
[umrahcompanions.com/blog/from-dreams-to-reality_-making-your-umrah-trip-a-life-changing-adventure.html]
[umrahcompanions.com/blog/unlocking-inner-peace_-discover-how-umrah-alleviates-stress-and-anxiety.html]
[umrahcompanions.com/blog/unlocking-the-spiritual-benefits-of-your-umrah-journey.html]
[umrahcompanions.com/blog/avoiding-scams-and-frauds-in-umrah-booking_-your-safety-guide.html]
[umrahcompanions.com/blog/the-do's-and-don'ts-of-umrah_-a-guide-with-insider-tips-and-benefits.html]
[umrahcompanions.com/blog/saudi-arabia-introduces-the-nusuk-app-for-pilgrims.html]
[umrahcompanions.com/blog/how-much-does-umrah-cost-and-how-to-budget.html]
[umrahcompanions.com/blog/top-reasons-to-plan-your-umrah-trip-today.html]
[umrahcompanions.com/blog/umrah-with-families-and-children--all-you-need-to-know.html]
[umrahcompanions.com/blog/umrah-in-ramadan-how-to-plan-it.html]
[umrahcompanions.com/blog/types-of-umrah-differences-rules-and-guideline.html]
[umrahcompanions.com/blog/planning-an-umrah-trip-everything-you-need-to-know.html]
[umrahcompanions.com/blog/what-to-avoid-when-choosing-your-umrah-package.html]
[code.jquery.com/ui/1.12.1/jquery-ui.js]
[umrahcompanions.com/assets/backoffice/vendors/bootstrap/dist/css/bootstrap.min.css]
[umrahcompanions.com/assets/backoffice/dist/fonts/fontawesome/fontawesome-webfont5b62.eot]
[umrahcompanions.com/assets/backoffice/dist/fonts/fontawesome/fontawesome-webfontd41d.eot]
[umrahcompanions.com/assets/backoffice/dist/fonts/fontawesome/fontawesome-webfont5b62.woff2]
[umrahcompanions.com/assets/backoffice/dist/fonts/fontawesome/fontawesome-webfont5b62.woff]
[umrahcompanions.com/assets/backoffice/dist/fonts/fontawesome/fontawesome-webfont5b62.ttf]
[umrahcompanions.com/assets/backoffice/dist/css/font-awesome.min.css]
[umrahcompanions.com/assets/backoffice/dist/fonts/ionicons/ionicons78ce.eot]
[umrahcompanions.com/assets/backoffice/dist/fonts/ionicons/ionicons78ce.woff2]
[umrahcompanions.com/assets/backoffice/dist/fonts/ionicons/ionicons78ce.woff]
[umrahcompanions.com/assets/backoffice/dist/fonts/ionicons/ionicons78ce.ttf]
[umrahcompanions.com/assets/backoffice/dist/css/ionicons.min.css]
[umrahcompanions.com/assets/backoffice/dist/fonts/dripicons/dripicons-v2.eot]
[umrahcompanions.com/assets/backoffice/dist/fonts/dripicons/dripicons-v2d41d.eot]
[umrahcompanions.com/assets/backoffice/dist/fonts/dripicons/dripicons-v2.woff]
[umrahcompanions.com/assets/backoffice/dist/fonts/dripicons/dripicons-v2.ttf]
[umrahcompanions.com/assets/backoffice/dist/css/dripicons.css]
[umrahcompanions.com/assets/backoffice/dist/fonts/glyphicons/glyphicons-halflings-regular.eot]
[umrahcompanions.com/assets/backoffice/dist/fonts/glyphicons/glyphicons-halflings-regulard41d.eot]
[umrahcompanions.com/assets/backoffice/dist/fonts/glyphicons/glyphicons-halflings-regular.woff2]
[umrahcompanions.com/assets/backoffice/dist/fonts/glyphicons/glyphicons-halflings-regular.woff]
[umrahcompanions.com/assets/backoffice/dist/fonts/glyphicons/glyphicons-halflings-regular.ttf]
[umrahcompanions.com/assets/backoffice/dist/css/glyphicons.css]
[umrahcompanions.com/assets/backoffice/dist/fonts/themify-icons/themify9f24.eot]
[umrahcompanions.com/assets/backoffice/dist/fonts/themify-icons/themifyd41d.eot]
[umrahcompanions.com/assets/backoffice/dist/fonts/themify-icons/themify9f24.woff]
[umrahcompanions.com/assets/backoffice/dist/fonts/themify-icons/themify9f24.ttf]
[umrahcompanions.com/assets/backoffice/dist/css/themify-icons.css]
[umrahcompanions.com/assets/backoffice/dist/css/animate.css]
[umrahcompanions.com/assets/backoffice/dist/fonts/simple-line-icons/Simple-Line-Icons4c824c82.eot]
[umrahcompanions.com/assets/backoffice/dist/fonts/simple-line-icons/Simple-Line-Iconsd41dd41d.eot]
[umrahcompanions.com/assets/backoffice/dist/fonts/simple-line-icons/Simple-Line-Icons4c824c82.ttf]
[umrahcompanions.com/assets/backoffice/dist/fonts/simple-line-icons/Simple-Line-Icons4c824c82.woff2]
[umrahcompanions.com/assets/backoffice/dist/fonts/simple-line-icons/Simple-Line-Icons4c824c82.woff]
[umrahcompanions.com/assets/backoffice/dist/css/simple-line-icons.css]
[umrahcompanions.com/assets/backoffice/dist/fonts/linea-icons/linea-arrows-10.eot]
[umrahcompanions.com/assets/backoffice/dist/fonts/linea-icons/linea-arrows-10d41dd41d.eot]
[umrahcompanions.com/assets/backoffice/dist/fonts/linea-icons/linea-arrows-10.woff]
[umrahcompanions.com/assets/backoffice/dist/fonts/linea-icons/linea-arrows-10.ttf]
[umrahcompanions.com/assets/backoffice/dist/fonts/linea-icons/linea-basic-10.eot]
[umrahcompanions.com/assets/backoffice/dist/fonts/linea-icons/linea-basic-10d41dd41d.eot]
[umrahcompanions.com/assets/backoffice/dist/fonts/linea-icons/linea-basic-10.woff]
[umrahcompanions.com/assets/backoffice/dist/fonts/linea-icons/linea-basic-10.ttf]
[umrahcompanions.com/assets/backoffice/dist/fonts/linea-icons/linea-basic-elaboration-10.eot]
[umrahcompanions.com/assets/backoffice/dist/fonts/linea-icons/linea-basic-elaboration-10d41dd41d.eot]
[umrahcompanions.com/assets/backoffice/dist/fonts/linea-icons/linea-basic-elaboration-10.woff]
[umrahcompanions.com/assets/backoffice/dist/fonts/linea-icons/linea-basic-elaboration-10.ttf]
[umrahcompanions.com/assets/backoffice/dist/fonts/linea-icons/linea-ecommerce-10.eot]
[umrahcompanions.com/assets/backoffice/dist/fonts/linea-icons/linea-ecommerce-10d41dd41d.eot]
[umrahcompanions.com/assets/backoffice/dist/fonts/linea-icons/linea-ecommerce-10.woff]
[umrahcompanions.com/assets/backoffice/dist/fonts/linea-icons/linea-ecommerce-10.ttf]
[umrahcompanions.com/assets/backoffice/dist/fonts/linea-icons/linea-music-10.eot]
[umrahcompanions.com/assets/backoffice/dist/fonts/linea-icons/linea-music-10d41dd41d.eot]
[umrahcompanions.com/assets/backoffice/dist/fonts/linea-icons/linea-music-10.woff]
[umrahcompanions.com/assets/backoffice/dist/fonts/linea-icons/linea-music-10.ttf]
[umrahcompanions.com/assets/backoffice/dist/fonts/linea-icons/linea-software-10.eot]
[umrahcompanions.com/assets/backoffice/dist/fonts/linea-icons/linea-software-10d41dd41d.eot]
[umrahcompanions.com/assets/backoffice/dist/fonts/linea-icons/linea-software-10.woff]
[umrahcompanions.com/assets/backoffice/dist/fonts/linea-icons/linea-software-10.ttf]
[umrahcompanions.com/assets/backoffice/dist/fonts/linea-icons/linea-weather-10.eot]
[umrahcompanions.com/assets/backoffice/dist/fonts/linea-icons/linea-weather-10d41dd41d.eot]
[umrahcompanions.com/assets/backoffice/dist/fonts/linea-icons/linea-weather-10.woff]
[umrahcompanions.com/assets/backoffice/dist/fonts/linea-icons/linea-weather-10.ttf]
[umrahcompanions.com/assets/backoffice/dist/css/linea-icon.css]
[umrahcompanions.com/assets/backoffice/dist/fonts/pe-icon-7/Pe-icon-7-strokebb1d.eot]
[umrahcompanions.com/assets/backoffice/dist/fonts/pe-icon-7/Pe-icon-7-stroked41d.eot]
[umrahcompanions.com/assets/backoffice/dist/fonts/pe-icon-7/Pe-icon-7-strokebb1d.woff]
[umrahcompanions.com/assets/backoffice/dist/fonts/pe-icon-7/Pe-icon-7-strokebb1d.ttf]
[umrahcompanions.com/assets/backoffice/dist/css/pe-icon-7-stroke.css]
[umrahcompanions.com/assets/backoffice/dist/fonts/material-design-iconic-font/Material-Design-Iconic-Fontd1f1.woff2]
[umrahcompanions.com/assets/backoffice/dist/fonts/material-design-iconic-font/Material-Design-Iconic-Fontd1f1.woff]
[umrahcompanions.com/assets/backoffice/dist/fonts/material-design-iconic-font/Material-Design-Iconic-Fontd1f1.ttf]
[umrahcompanions.com/assets/backoffice/dist/css/material-design-iconic-font.min.css]
[umrahcompanions.com/assets/backoffice/vendors/owl.carousel/dist/assets/owl.video.play.png]
[umrahcompanions.com/assets/backoffice/vendors/owl.carousel/dist/assets/owl.carousel.min.css]
[umrahcompanions.com/assets/backoffice/vendors/owl.carousel/dist/assets/owl.theme.default.min.css]
[umrahcompanions.com/assets/backoffice/dist/img/landing-pg/herobg.html]
[umrahcompanions.com/forget-password.html]
[umrahcompanions.com/images/seo_images/23082.umrah-with-kids-_-umrah-companions.html]
[umrahcompanions.com/images/seo_images/35730.umrah-with-kids-_-umrah-companions.html]
[umrahcompanions.com/images/seo_images/67330.packing-list-_-umrah-companions.html]
[umrahcompanions.com/images/seo_images/26354.packing-list-_-umrah-companions.html]
[umrahcompanions.com/blog/umrahcompanions.html]
[umrahcompanions.com/blog/planning-umrah-with-friendsec69.html]
[umrahcompanions.com/hotel_detail/window.location.html]
[umrahcompanions.com/blog/how-long-is-umrahddf9.html]
[umrahcompanions.com/blog/what-you-should-know-about-umrah-packages-in-rabi-ul-awwald41d.html]
[umrahcompanions.com/blog/thinking-about-umrah6117.html]
[umrahcompanions.com/blog/how-to-find-inexpensive-accommodations-for-umrahd41d.html]
[umrahcompanions.com/blog/what-are-the-prohibited-items-and-practices-in-makkah-during-umrahd41d.html]
[umrahcompanions.com/blog/umrahcompanions.com/index.html]
[umrahcompanions.com/blog/unveiling-the-hidden-gems_-8-unexpected-saudi-sights-worth-exploring.html]
[umrahcompanions.com/blog/discover-5-top-attractions-in-riyadh.html]
[umrahcompanions.com/blog/discover-the-finest-luxury-hotels-in-madinah.html]
[umrahcompanions.com/blog/hira-cultural-district-tour-in-makkah.html]
[umrahcompanions.com/blog/explore-taif_-important-landmarks-in-taif.html]
[umrahcompanions.com/blog/explore-historical-sites-in-makkah-during-hajj-and-umrah.html]
[umrahcompanions.com/blog/5-must-see-open-air-attractions-in-saudi-arabia.html]
[umrahcompanions.com/blog/explore-mouthwatering-restaurants-in-al-ahsa.html]
[umrahcompanions.com/blog/exploring-the-rich-history-of-al-masmak-palace-in-riyadh.html]
[umrahcompanions.com/blog/planning-the-perfect-trip-to-al-ahsa.html]
[umrahcompanions.com/blog/exploring-the-rich-history-and-architecture-of-masjid-al-jinnah-in-makkah.html]
[umrahcompanions.com/blog/5-places-to-visit-in-makkah-during-umrah.html]
[umrahcompanions.com/blog/the-cultural-secrets-of-alula.html]
[umrahcompanions.com/blog/5-must-see-museums-in-saudi-arabia.html]
[umrahcompanions.com/blog/5-beautiful-spots-in-saudi-for-sunsets.html]
[umrahcompanions.com/blog/how-umrah-packages-streamline-your-pilgrimage-planning.html]
[umrahcompanions.com/blog/how-can-you-ensure-a-smooth-departure-and-return-for-umrahd41d.html]
[umrahcompanions.com/blog/why-seamless-travel-planning-matters-for-your-umrah-journey.html]
[umrahcompanions.com/blog/ramadan-in-riyadh_-explore-the-tradition.html]
[umrahcompanions.com/blog/top-5-saudi-souvenirs-to-bring-home.html]
[umrahcompanions.com/blog/al-balad-market-intaif---the-oldest-market-of-middle-east.html]
[umrahcompanions.com/blog/the-kiswa-factory-of-ka'aba.html]
[umrahcompanions.com/blog/exploring-the-richness-of-8-common-saudi-spices.html]
[umrahcompanions.com/blog/castle-of-urwah-bin-zubair_-a-place-to-explore.html]
[umrahcompanions.com/blog/from-dream-to-reality_-how-to-plan-and-prepare-for-your-first-umrah-adventure.html]
[umrahcompanions.com/blog/hijaz-railway-station-at-alula.html]
[umrahcompanions.com/blog/top-9-restraunts-in-madinah.html]
[umrahcompanions.com/blog/explore-four-stunning-mosques-in-saudi-arabia.html]
[umrahcompanions.com/blog/how-to-avoid-umrah-mistakes-in-your-journey.html]
[umrahcompanions.com/blog/umrah-visas-and-documentation_-what-pilgrims-need-to-know.html]
[umrahcompanions.com/blog/umrah-budgeting_-how-to-financially-prepare-for-your-pilgrimage.html]
[umrahcompanions.com/blog/how-to-prepare-for-and-perform-umrah-successfully.html]
[umrahcompanions.com/blog/budgeting-tips-for-your-umrah-travel.html]
[umrahcompanions.com/blog/10-incredible-umrah-benefits-you-didn't-know-existed-.html]
[umrahcompanions.com/blog/where-can-i-find-affordable-umrah-packages-including-flights-for-2024-25d41d.html]
[umrahcompanions.com/blog/what-should-you-include-in-your-umrah-package-for-2024-25d41d.html]
[umrahcompanions.com/blog/the-ultimate-umrah-guide_-7-expert-tips-to-maximize-your-spiritual-journey.html]
[umrahcompanions.com/blog/7-captivating-reasons-to-embark-on-the-umrah-journey.html]
[umrahcompanions.com/blog/umrah-uncovered_-insider-tips-for-a-rewarding-pilgrimage-experience.html]
[umrahcompanions.com/assets/backoffice/dist/fonts/fontawesome/fontawesome-webfont5b62.svg]
[umrahcompanions.com/assets/backoffice/dist/fonts/ionicons/ionicons78ce.svg]
[umrahcompanions.com/assets/backoffice/dist/fonts/dripicons/dripicons-v2.svg]
[umrahcompanions.com/assets/backoffice/dist/fonts/glyphicons/glyphicons-halflings-regular.svg]
[umrahcompanions.com/assets/backoffice/dist/fonts/themify-icons/themify9f24.svg]
[umrahcompanions.com/assets/backoffice/dist/fonts/simple-line-icons/Simple-Line-Icons4c824c82.svg]
[umrahcompanions.com/assets/backoffice/dist/fonts/linea-icons/linea-arrows-10.svg]
[umrahcompanions.com/assets/backoffice/dist/fonts/linea-icons/linea-basic-10.svg]
[umrahcompanions.com/assets/backoffice/dist/fonts/linea-icons/linea-basic-elaboration-10.svg]
[umrahcompanions.com/assets/backoffice/dist/fonts/linea-icons/linea-ecommerce-10.svg]
[umrahcompanions.com/assets/backoffice/dist/fonts/linea-icons/linea-music-10.svg]
[umrahcompanions.com/assets/backoffice/dist/fonts/linea-icons/linea-software-10.svg]
[umrahcompanions.com/assets/backoffice/dist/fonts/linea-icons/linea-weather-10.svg]
[umrahcompanions.com/assets/backoffice/dist/fonts/pe-icon-7/Pe-icon-7-strokebb1d.svg]
[umrahcompanions.com/hotel_detail/window.location.html]
[umrahcompanions.com/blog/planning-umrah-with-friendsec69.html]
[umrahcompanions.com/blog/can-umrah-be-performed-on-behalf-of-othersd41d.html]
[umrahcompanions.com/blog/how-long-is-umrahddf9.html]
[umrahcompanions.com/blog/what-you-should-know-about-umrah-packages-in-rabi-ul-awwald41d.html]
[umrahcompanions.com/blog/thinking-about-umrah6117.html]
[umrahcompanions.com/blog/how-to-find-inexpensive-accommodations-for-umrahd41d.html]
[umrahcompanions.com/blog/what-are-the-prohibited-items-and-practices-in-makkah-during-umrahd41d.html]
[umrahcompanions.com/blog/what-transport-should-you-use-while-performing-umrahd41d.html]
[umrahcompanions.com/blog/how-can-you-ensure-a-smooth-departure-and-return-for-umrahd41d.html]
[umrahcompanions.com/blog/where-can-i-find-affordable-umrah-packages-including-flights-for-2024-25d41d.html]
[umrahcompanions.com/blog/how-can-umrah-companions-enhance-your-experience-in-2024-2025d41d.html]
[umrahcompanions.com/blog/what-are-some-tips-for-a-successful-umrah-experienced41d.html]
[umrahcompanions.com/blog/what-should-you-include-in-your-umrah-package-for-2024-25d41d.html]
[umrahcompanions.com/blog/umrahcompanions.html]
[umrahcompanions.com/blog/umrahcompanions.html]
